// Jest Snapshot v1, https://goo.gl/fbAQLP

exports[`ItemList should render itemList with no data 1`] = `
<div
  className="itemList"
>
  <p>
    No Data
  </p>
</div>
`;

exports[`ItemList should render itemlist with 1`] = `
<div
  className="itemList"
>
  <Item
    done={false}
    id={1}
    key="1"
    title="One"
  />
  <Item
    done={false}
    id={2}
    key="2"
    title="two"
  />
  <Item
    done={false}
    id={3}
    key="3"
    title="three"
  />
</div>
`;
